 ******* Program HYDRUS
 ******* Welcome to HYDRUS-1D                                                    
 Date:  17. 8.    Time:  18: 8:35
 Units: L = m    , T = days , M = mmol 

       Time          rTop        rRoot        vTop         vRoot        vBot       sum(rTop)   sum(rRoot)    sum(vTop)   sum(vRoot)    sum(vBot)      hTop         hRoot        hBot        RunOff    sum(RunOff)     Volume     sum(Infil)    sum(Evap) TLevel Cum(WTrans)  SnowLayer
        [T]         [L/T]        [L/T]        [L/T]        [L/T]        [L/T]         [L]          [L]          [L]         [L]           [L]         [L]           [L]         [L]          [L/T]         [L]          [L]          [L]          [L]

       1.0000  0.11000E-04  0.30900E-03  0.11077E-04  0.30886E-03 -0.20015E-01  0.11000E-04  0.30900E-03  0.11004E-04  0.30899E-03 -0.12403E+00 -0.36252E+01 -0.10679E+01  0.00000E+00  0.00000E+00  0.00000E+00  0.46160E+00  0.10000E-03  0.11100E-03    119  0.00000E+00      0.000
       2.0000 -0.12900E-03  0.19900E-03 -0.12900E-03  0.19900E-03 -0.94471E-02 -0.11800E-03  0.50800E-03 -0.11799E-03  0.50799E-03 -0.13737E+00 -0.51333E+00 -0.11059E+01  0.00000E+00  0.00000E+00  0.00000E+00  0.44819E+00  0.30000E-03  0.18200E-03    148  0.00000E+00      0.000
       3.0000 -0.57100E-03  0.81000E-04 -0.57100E-03  0.81000E-04 -0.59989E-02 -0.68900E-03  0.58900E-03 -0.68899E-03  0.58899E-03 -0.14488E+00 -0.32640E+00 -0.10842E+01  0.00000E+00  0.00000E+00  0.00000E+00  0.44117E+00  0.90000E-03  0.21100E-03    179  0.00000E+00      0.000
       4.0000 -0.14300E-03  0.16000E-03 -0.14300E-03  0.16000E-03 -0.44488E-02 -0.83200E-03  0.74900E-03 -0.83199E-03  0.74899E-03 -0.14991E+00 -0.38147E+00 -0.11211E+01  0.00000E+00  0.00000E+00  0.00000E+00  0.43613E+00  0.11000E-02  0.26800E-03    203  0.00000E+00      0.000
end
